// Jest Snapshot v1, https://goo.gl/fbAQLP

exports[`App tests should render default App component 1`] = `
<Fragment>
  <BackgroundImage
    className=""
    src={
      Object {
        "filter": "test-file-stub#image_overlay",
        "lg": "test-file-stub",
        "sm": "test-file-stub",
        "sm2x": "test-file-stub",
        "xs": "test-file-stub",
        "xs2x": "test-file-stub",
      }
    }
  />
  <div
    className="app-container"
  >
    <div
      className="notification-container"
    >
      <Alert
        action={
          <AlertActionCloseButton
            aria-label=""
            className=""
            onClose={[Function]}
          />
        }
        className=""
        title="Setup Complete"
        variant="success"
        variantLabel={null}
      >
        You have successfully launched your patternfly starter project.
      </Alert>
    </div>
  </div>
</Fragment>
`;
